// Jest Snapshot v1, https://goo.gl/fbAQLP

exports[`EncryptedValue from string fail One of value is blank or empty:    :0000 1`] = `"IV or Encrypted value are empty"`;

exports[`EncryptedValue from string fail One of value is blank or empty: : 1`] = `"IV or Encrypted value are empty"`;

exports[`EncryptedValue from string fail One of value is blank or empty: :0000 1`] = `"IV or Encrypted value are empty"`;

exports[`EncryptedValue from string fail One of value is blank or empty: 0000:    1`] = `"IV or Encrypted value are empty"`;

exports[`EncryptedValue from string fail One of value is blank or empty: 0000: 1`] = `"IV or Encrypted value are empty"`;

exports[`EncryptedValue from string fail malformed 1`] = `"Malformed encrypted string"`;
